ok - T1 persist is a gate, and asks for open records and task status only
ok - T2 the mate persists before anything is stopped
ok - T2b an arrived persist answer is resolved before timeout
ok - T2c a reply between the preliminary scan and timeout decision wins
ok - T3 a runtime that cannot prove a restart falls back to the re-read message
ok - T4 every named mate is accounted for, including one this home does not know
ok - T5 a refused restart leaves the mate running and reports an unknown outcome
ok - T8 a local restart re-resolves this home's pin and reports the runtime that came up
ok - native Ultra survives local restart and the remote restart transport
ok - T6 a remote mate restarts through the host-local control plane over the fm-on hop
ok - T7 an unreachable host is reported honestly instead of claimed as reloaded
ok - T9 the persist gate retains its explicitly allocated correlation
ok - T10 pending persist answers are polled as one fleet
ok - T11 post-stop restart failure is never misreported as a nudge
ok - T12 relaunch waits do not block fleet persistence polling
ok - T13 a dead restart worker cannot hang the parent
ok - T14 a result published during reaping is honored
ok - T15 an already-current live mate is named by the update pass and genuinely restarted
ok - T16 an already-current mate with an unprovable runtime keeps the honest nudge path
# all fm-secondmate-restart tests passed
rm: /private/var/folders/9h/6hvtvt257md69k7nq7ycyq5h0000gn/T/fm-secondmate-restart.zjHky3/pin-28542/home/state/sm1.git-hooks/pre-rebase: Permission denied
rm: /private/var/folders/9h/6hvtvt257md69k7nq7ycyq5h0000gn/T/fm-secondmate-restart.zjHky3/pin-28542/home/state/sm1.git-hooks/pre-applypatch: Permission denied
rm: /private/var/folders/9h/6hvtvt257md69k7nq7ycyq5h0000gn/T/fm-secondmate-restart.zjHky3/pin-28542/home/state/sm1.git-hooks/pre-auto-gc: Permission denied
rm: /private/var/folders/9h/6hvtvt257md69k7nq7ycyq5h0000gn/T/fm-secondmate-restart.zjHky3/pin-28542/home/state/sm1.git-hooks/pre-merge-commit: Permission denied
rm: /private/var/folders/9h/6hvtvt257md69k7nq7ycyq5h0000gn/T/fm-secondmate-restart.zjHky3/pin-28542/home/state/sm1.git-hooks/post-commit: Permission denied
rm: /private/var/folders/9h/6hvtvt257md69k7nq7ycyq5h0000gn/T/fm-secondmate-restart.zjHky3/pin-28542/home/state/sm1.git-hooks/sendemail-validate: Permission denied
rm: /private/var/folders/9h/6hvtvt257md69k7nq7ycyq5h0000gn/T/fm-secondmate-restart.zjHky3/pin-28542/home/state/sm1.git-hooks/applypatch-msg: Permission denied
rm: /private/var/folders/9h/6hvtvt257md69k7nq7ycyq5h0000gn/T/fm-secondmate-restart.zjHky3/pin-28542/home/state/sm1.git-hooks/prepare-commit-msg: Permission denied
rm: /private/var/folders/9h/6hvtvt257md69k7nq7ycyq5h0000gn/T/fm-secondmate-restart.zjHky3/pin-28542/home/state/sm1.git-hooks/post-checkout: Permission denied
rm: /private/var/folders/9h/6hvtvt257md69k7nq7ycyq5h0000gn/T/fm-secondmate-restart.zjHky3/pin-28542/home/state/sm1.git-hooks/post-applypatch: Permission denied
rm: /private/var/folders/9h/6hvtvt257md69k7nq7ycyq5h0000gn/T/fm-secondmate-restart.zjHky3/pin-28542/home/state/sm1.git-hooks/post-rewrite: Permission denied
rm: /private/var/folders/9h/6hvtvt257md69k7nq7ycyq5h0000gn/T/fm-secondmate-restart.zjHky3/pin-28542/home/state/sm1.git-hooks/commit-msg: Permission denied
rm: /private/var/folders/9h/6hvtvt257md69k7nq7ycyq5h0000gn/T/fm-secondmate-restart.zjHky3/pin-28542/home/state/sm1.git-hooks/pre-push: Permission denied
rm: /private/var/folders/9h/6hvtvt257md69k7nq7ycyq5h0000gn/T/fm-secondmate-restart.zjHky3/pin-28542/home/state/sm1.git-hooks/post-merge: Permission denied
rm: /private/var/folders/9h/6hvtvt257md69k7nq7ycyq5h0000gn/T/fm-secondmate-restart.zjHky3/pin-28542/home/state/sm1.git-hooks/pre-commit: Permission denied
rm: /private/var/folders/9h/6hvtvt257md69k7nq7ycyq5h0000gn/T/fm-secondmate-restart.zjHky3/pin-28542/home/state/sm1.git-hooks: Directory not empty
rm: /private/var/folders/9h/6hvtvt257md69k7nq7ycyq5h0000gn/T/fm-secondmate-restart.zjHky3/pin-28542/home/state: Directory not empty
rm: /private/var/folders/9h/6hvtvt257md69k7nq7ycyq5h0000gn/T/fm-secondmate-restart.zjHky3/pin-28542/home: Directory not empty
rm: /private/var/folders/9h/6hvtvt257md69k7nq7ycyq5h0000gn/T/fm-secondmate-restart.zjHky3/pin-28542: Directory not empty
rm: /private/var/folders/9h/6hvtvt257md69k7nq7ycyq5h0000gn/T/fm-secondmate-restart.zjHky3/arrived-at-bound-29238/home/state/sm1.git-hooks/pre-rebase: Permission denied
rm: /private/var/folders/9h/6hvtvt257md69k7nq7ycyq5h0000gn/T/fm-secondmate-restart.zjHky3/arrived-at-bound-29238/home/state/sm1.git-hooks/pre-applypatch: Permission denied
rm: /private/var/folders/9h/6hvtvt257md69k7nq7ycyq5h0000gn/T/fm-secondmate-restart.zjHky3/arrived-at-bound-29238/home/state/sm1.git-hooks/pre-auto-gc: Permission denied
rm: /private/var/folders/9h/6hvtvt257md69k7nq7ycyq5h0000gn/T/fm-secondmate-restart.zjHky3/arrived-at-bound-29238/home/state/sm1.git-hooks/pre-merge-commit: Permission denied
rm: /private/var/folders/9h/6hvtvt257md69k7nq7ycyq5h0000gn/T/fm-secondmate-restart.zjHky3/arrived-at-bound-29238/home/state/sm1.git-hooks/post-commit: Permission denied
rm: /private/var/folders/9h/6hvtvt257md69k7nq7ycyq5h0000gn/T/fm-secondmate-restart.zjHky3/arrived-at-bound-29238/home/state/sm1.git-hooks/sendemail-validate: Permission denied
rm: /private/var/folders/9h/6hvtvt257md69k7nq7ycyq5h0000gn/T/fm-secondmate-restart.zjHky3/arrived-at-bound-29238/home/state/sm1.git-hooks/applypatch-msg: Permission denied
rm: /private/var/folders/9h/6hvtvt257md69k7nq7ycyq5h0000gn/T/fm-secondmate-restart.zjHky3/arrived-at-bound-29238/home/state/sm1.git-hooks/prepare-commit-msg: Permission denied
rm: /private/var/folders/9h/6hvtvt257md69k7nq7ycyq5h0000gn/T/fm-secondmate-restart.zjHky3/arrived-at-bound-29238/home/state/sm1.git-hooks/post-checkout: Permission denied
rm: /private/var/folders/9h/6hvtvt257md69k7nq7ycyq5h0000gn/T/fm-secondmate-restart.zjHky3/arrived-at-bound-29238/home/state/sm1.git-hooks/post-applypatch: Permission denied
rm: /private/var/folders/9h/6hvtvt257md69k7nq7ycyq5h0000gn/T/fm-secondmate-restart.zjHky3/arrived-at-bound-29238/home/state/sm1.git-hooks/post-rewrite: Permission denied
rm: /private/var/folders/9h/6hvtvt257md69k7nq7ycyq5h0000gn/T/fm-secondmate-restart.zjHky3/arrived-at-bound-29238/home/state/sm1.git-hooks/commit-msg: Permission denied
rm: /private/var/folders/9h/6hvtvt257md69k7nq7ycyq5h0000gn/T/fm-secondmate-restart.zjHky3/arrived-at-bound-29238/home/state/sm1.git-hooks/pre-push: Permission denied
rm: /private/var/folders/9h/6hvtvt257md69k7nq7ycyq5h0000gn/T/fm-secondmate-restart.zjHky3/arrived-at-bound-29238/home/state/sm1.git-hooks/post-merge: Permission denied
rm: /private/var/folders/9h/6hvtvt257md69k7nq7ycyq5h0000gn/T/fm-secondmate-restart.zjHky3/arrived-at-bound-29238/home/state/sm1.git-hooks/pre-commit: Permission denied
rm: /private/var/folders/9h/6hvtvt257md69k7nq7ycyq5h0000gn/T/fm-secondmate-restart.zjHky3/arrived-at-bound-29238/home/state/sm1.git-hooks: Directory not empty
rm: /private/var/folders/9h/6hvtvt257md69k7nq7ycyq5h0000gn/T/fm-secondmate-restart.zjHky3/arrived-at-bound-29238/home/state: Directory not empty
rm: /private/var/folders/9h/6hvtvt257md69k7nq7ycyq5h0000gn/T/fm-secondmate-restart.zjHky3/arrived-at-bound-29238/home: Directory not empty
rm: /private/var/folders/9h/6hvtvt257md69k7nq7ycyq5h0000gn/T/fm-secondmate-restart.zjHky3/arrived-at-bound-29238: Directory not empty
rm: /private/var/folders/9h/6hvtvt257md69k7nq7ycyq5h0000gn/T/fm-secondmate-restart.zjHky3/native-local-14723/home/state/sm1.git-hooks/pre-rebase: Permission denied
rm: /private/var/folders/9h/6hvtvt257md69k7nq7ycyq5h0000gn/T/fm-secondmate-restart.zjHky3/native-local-14723/home/state/sm1.git-hooks/pre-applypatch: Permission denied
rm: /private/var/folders/9h/6hvtvt257md69k7nq7ycyq5h0000gn/T/fm-secondmate-restart.zjHky3/native-local-14723/home/state/sm1.git-hooks/pre-auto-gc: Permission denied
rm: /private/var/folders/9h/6hvtvt257md69k7nq7ycyq5h0000gn/T/fm-secondmate-restart.zjHky3/native-local-14723/home/state/sm1.git-hooks/pre-merge-commit: Permission denied
rm: /private/var/folders/9h/6hvtvt257md69k7nq7ycyq5h0000gn/T/fm-secondmate-restart.zjHky3/native-local-14723/home/state/sm1.git-hooks/post-commit: Permission denied
rm: /private/var/folders/9h/6hvtvt257md69k7nq7ycyq5h0000gn/T/fm-secondmate-restart.zjHky3/native-local-14723/home/state/sm1.git-hooks/sendemail-validate: Permission denied
rm: /private/var/folders/9h/6hvtvt257md69k7nq7ycyq5h0000gn/T/fm-secondmate-restart.zjHky3/native-local-14723/home/state/sm1.git-hooks/applypatch-msg: Permission denied
rm: /private/var/folders/9h/6hvtvt257md69k7nq7ycyq5h0000gn/T/fm-secondmate-restart.zjHky3/native-local-14723/home/state/sm1.git-hooks/prepare-commit-msg: Permission denied
rm: /private/var/folders/9h/6hvtvt257md69k7nq7ycyq5h0000gn/T/fm-secondmate-restart.zjHky3/native-local-14723/home/state/sm1.git-hooks/post-checkout: Permission denied
rm: /private/var/folders/9h/6hvtvt257md69k7nq7ycyq5h0000gn/T/fm-secondmate-restart.zjHky3/native-local-14723/home/state/sm1.git-hooks/post-applypatch: Permission denied
rm: /private/var/folders/9h/6hvtvt257md69k7nq7ycyq5h0000gn/T/fm-secondmate-restart.zjHky3/native-local-14723/home/state/sm1.git-hooks/post-rewrite: Permission denied
rm: /private/var/folders/9h/6hvtvt257md69k7nq7ycyq5h0000gn/T/fm-secondmate-restart.zjHky3/native-local-14723/home/state/sm1.git-hooks/commit-msg: Permission denied
rm: /private/var/folders/9h/6hvtvt257md69k7nq7ycyq5h0000gn/T/fm-secondmate-restart.zjHky3/native-local-14723/home/state/sm1.git-hooks/pre-push: Permission denied
rm: /private/var/folders/9h/6hvtvt257md69k7nq7ycyq5h0000gn/T/fm-secondmate-restart.zjHky3/native-local-14723/home/state/sm1.git-hooks/post-merge: Permission denied
rm: /private/var/folders/9h/6hvtvt257md69k7nq7ycyq5h0000gn/T/fm-secondmate-restart.zjHky3/native-local-14723/home/state/sm1.git-hooks/pre-commit: Permission denied
rm: /private/var/folders/9h/6hvtvt257md69k7nq7ycyq5h0000gn/T/fm-secondmate-restart.zjHky3/native-local-14723/home/state/sm1.git-hooks: Directory not empty
rm: /private/var/folders/9h/6hvtvt257md69k7nq7ycyq5h0000gn/T/fm-secondmate-restart.zjHky3/native-local-14723/home/state: Directory not empty
rm: /private/var/folders/9h/6hvtvt257md69k7nq7ycyq5h0000gn/T/fm-secondmate-restart.zjHky3/native-local-14723/home: Directory not empty
rm: /private/var/folders/9h/6hvtvt257md69k7nq7ycyq5h0000gn/T/fm-secondmate-restart.zjHky3/native-local-14723: Directory not empty
rm: /private/var/folders/9h/6hvtvt257md69k7nq7ycyq5h0000gn/T/fm-secondmate-restart.zjHky3/order-10228/home/state/sm1.git-hooks/pre-rebase: Permission denied
rm: /private/var/folders/9h/6hvtvt257md69k7nq7ycyq5h0000gn/T/fm-secondmate-restart.zjHky3/order-10228/home/state/sm1.git-hooks/pre-applypatch: Permission denied
rm: /private/var/folders/9h/6hvtvt257md69k7nq7ycyq5h0000gn/T/fm-secondmate-restart.zjHky3/order-10228/home/state/sm1.git-hooks/pre-auto-gc: Permission denied
rm: /private/var/folders/9h/6hvtvt257md69k7nq7ycyq5h0000gn/T/fm-secondmate-restart.zjHky3/order-10228/home/state/sm1.git-hooks/pre-merge-commit: Permission denied
rm: /private/var/folders/9h/6hvtvt257md69k7nq7ycyq5h0000gn/T/fm-secondmate-restart.zjHky3/order-10228/home/state/sm1.git-hooks/post-commit: Permission denied
rm: /private/var/folders/9h/6hvtvt257md69k7nq7ycyq5h0000gn/T/fm-secondmate-restart.zjHky3/order-10228/home/state/sm1.git-hooks/sendemail-validate: Permission denied
rm: /private/var/folders/9h/6hvtvt257md69k7nq7ycyq5h0000gn/T/fm-secondmate-restart.zjHky3/order-10228/home/state/sm1.git-hooks/applypatch-msg: Permission denied
rm: /private/var/folders/9h/6hvtvt257md69k7nq7ycyq5h0000gn/T/fm-secondmate-restart.zjHky3/order-10228/home/state/sm1.git-hooks/prepare-commit-msg: Permission denied
rm: /private/var/folders/9h/6hvtvt257md69k7nq7ycyq5h0000gn/T/fm-secondmate-restart.zjHky3/order-10228/home/state/sm1.git-hooks/post-checkout: Permission denied
rm: /private/var/folders/9h/6hvtvt257md69k7nq7ycyq5h0000gn/T/fm-secondmate-restart.zjHky3/order-10228/home/state/sm1.git-hooks/post-applypatch: Permission denied
rm: /private/var/folders/9h/6hvtvt257md69k7nq7ycyq5h0000gn/T/fm-secondmate-restart.zjHky3/order-10228/home/state/sm1.git-hooks/post-rewrite: Permission denied
rm: /private/var/folders/9h/6hvtvt257md69k7nq7ycyq5h0000gn/T/fm-secondmate-restart.zjHky3/order-10228/home/state/sm1.git-hooks/commit-msg: Permission denied
rm: /private/var/folders/9h/6hvtvt257md69k7nq7ycyq5h0000gn/T/fm-secondmate-restart.zjHky3/order-10228/home/state/sm1.git-hooks/pre-push: Permission denied
rm: /private/var/folders/9h/6hvtvt257md69k7nq7ycyq5h0000gn/T/fm-secondmate-restart.zjHky3/order-10228/home/state/sm1.git-hooks/post-merge: Permission denied
rm: /private/var/folders/9h/6hvtvt257md69k7nq7ycyq5h0000gn/T/fm-secondmate-restart.zjHky3/order-10228/home/state/sm1.git-hooks/pre-commit: Permission denied
rm: /private/var/folders/9h/6hvtvt257md69k7nq7ycyq5h0000gn/T/fm-secondmate-restart.zjHky3/order-10228/home/state/sm1.git-hooks: Directory not empty
rm: /private/var/folders/9h/6hvtvt257md69k7nq7ycyq5h0000gn/T/fm-secondmate-restart.zjHky3/order-10228/home/state: Directory not empty
rm: /private/var/folders/9h/6hvtvt257md69k7nq7ycyq5h0000gn/T/fm-secondmate-restart.zjHky3/order-10228/home: Directory not empty
rm: /private/var/folders/9h/6hvtvt257md69k7nq7ycyq5h0000gn/T/fm-secondmate-restart.zjHky3/order-10228: Directory not empty
rm: /private/var/folders/9h/6hvtvt257md69k7nq7ycyq5h0000gn/T/fm-secondmate-restart.zjHky3/already-current-3430/home/state/sm1.git-hooks/pre-rebase: Permission denied
rm: /private/var/folders/9h/6hvtvt257md69k7nq7ycyq5h0000gn/T/fm-secondmate-restart.zjHky3/already-current-3430/home/state/sm1.git-hooks/pre-applypatch: Permission denied
rm: /private/var/folders/9h/6hvtvt257md69k7nq7ycyq5h0000gn/T/fm-secondmate-restart.zjHky3/already-current-3430/home/state/sm1.git-hooks/pre-auto-gc: Permission denied
rm: /private/var/folders/9h/6hvtvt257md69k7nq7ycyq5h0000gn/T/fm-secondmate-restart.zjHky3/already-current-3430/home/state/sm1.git-hooks/pre-merge-commit: Permission denied
rm: /private/var/folders/9h/6hvtvt257md69k7nq7ycyq5h0000gn/T/fm-secondmate-restart.zjHky3/already-current-3430/home/state/sm1.git-hooks/post-commit: Permission denied
rm: /private/var/folders/9h/6hvtvt257md69k7nq7ycyq5h0000gn/T/fm-secondmate-restart.zjHky3/already-current-3430/home/state/sm1.git-hooks/sendemail-validate: Permission denied
rm: /private/var/folders/9h/6hvtvt257md69k7nq7ycyq5h0000gn/T/fm-secondmate-restart.zjHky3/already-current-3430/home/state/sm1.git-hooks/applypatch-msg: Permission denied
rm: /private/var/folders/9h/6hvtvt257md69k7nq7ycyq5h0000gn/T/fm-secondmate-restart.zjHky3/already-current-3430/home/state/sm1.git-hooks/prepare-commit-msg: Permission denied
rm: /private/var/folders/9h/6hvtvt257md69k7nq7ycyq5h0000gn/T/fm-secondmate-restart.zjHky3/already-current-3430/home/state/sm1.git-hooks/post-checkout: Permission denied
rm: /private/var/folders/9h/6hvtvt257md69k7nq7ycyq5h0000gn/T/fm-secondmate-restart.zjHky3/already-current-3430/home/state/sm1.git-hooks/post-applypatch: Permission denied
rm: /private/var/folders/9h/6hvtvt257md69k7nq7ycyq5h0000gn/T/fm-secondmate-restart.zjHky3/already-current-3430/home/state/sm1.git-hooks/post-rewrite: Permission denied
rm: /private/var/folders/9h/6hvtvt257md69k7nq7ycyq5h0000gn/T/fm-secondmate-restart.zjHky3/already-current-3430/home/state/sm1.git-hooks/commit-msg: Permission denied
rm: /private/var/folders/9h/6hvtvt257md69k7nq7ycyq5h0000gn/T/fm-secondmate-restart.zjHky3/already-current-3430/home/state/sm1.git-hooks/pre-push: Permission denied
rm: /private/var/folders/9h/6hvtvt257md69k7nq7ycyq5h0000gn/T/fm-secondmate-restart.zjHky3/already-current-3430/home/state/sm1.git-hooks/post-merge: Permission denied
rm: /private/var/folders/9h/6hvtvt257md69k7nq7ycyq5h0000gn/T/fm-secondmate-restart.zjHky3/already-current-3430/home/state/sm1.git-hooks/pre-commit: Permission denied
rm: /private/var/folders/9h/6hvtvt257md69k7nq7ycyq5h0000gn/T/fm-secondmate-restart.zjHky3/already-current-3430/home/state/sm1.git-hooks: Directory not empty
rm: /private/var/folders/9h/6hvtvt257md69k7nq7ycyq5h0000gn/T/fm-secondmate-restart.zjHky3/already-current-3430/home/state: Directory not empty
rm: /private/var/folders/9h/6hvtvt257md69k7nq7ycyq5h0000gn/T/fm-secondmate-restart.zjHky3/already-current-3430/home: Directory not empty
rm: /private/var/folders/9h/6hvtvt257md69k7nq7ycyq5h0000gn/T/fm-secondmate-restart.zjHky3/already-current-3430: Directory not empty
rm: /private/var/folders/9h/6hvtvt257md69k7nq7ycyq5h0000gn/T/fm-secondmate-restart.zjHky3/answer-at-timeout-decision-24526/home/state/sm1.git-hooks/pre-rebase: Permission denied
rm: /private/var/folders/9h/6hvtvt257md69k7nq7ycyq5h0000gn/T/fm-secondmate-restart.zjHky3/answer-at-timeout-decision-24526/home/state/sm1.git-hooks/pre-applypatch: Permission denied
rm: /private/var/folders/9h/6hvtvt257md69k7nq7ycyq5h0000gn/T/fm-secondmate-restart.zjHky3/answer-at-timeout-decision-24526/home/state/sm1.git-hooks/pre-auto-gc: Permission denied
rm: /private/var/folders/9h/6hvtvt257md69k7nq7ycyq5h0000gn/T/fm-secondmate-restart.zjHky3/answer-at-timeout-decision-24526/home/state/sm1.git-hooks/pre-merge-commit: Permission denied
rm: /private/var/folders/9h/6hvtvt257md69k7nq7ycyq5h0000gn/T/fm-secondmate-restart.zjHky3/answer-at-timeout-decision-24526/home/state/sm1.git-hooks/post-commit: Permission denied
rm: /private/var/folders/9h/6hvtvt257md69k7nq7ycyq5h0000gn/T/fm-secondmate-restart.zjHky3/answer-at-timeout-decision-24526/home/state/sm1.git-hooks/sendemail-validate: Permission denied
rm: /private/var/folders/9h/6hvtvt257md69k7nq7ycyq5h0000gn/T/fm-secondmate-restart.zjHky3/answer-at-timeout-decision-24526/home/state/sm1.git-hooks/applypatch-msg: Permission denied
rm: /private/var/folders/9h/6hvtvt257md69k7nq7ycyq5h0000gn/T/fm-secondmate-restart.zjHky3/answer-at-timeout-decision-24526/home/state/sm1.git-hooks/prepare-commit-msg: Permission denied
rm: /private/var/folders/9h/6hvtvt257md69k7nq7ycyq5h0000gn/T/fm-secondmate-restart.zjHky3/answer-at-timeout-decision-24526/home/state/sm1.git-hooks/post-checkout: Permission denied
rm: /private/var/folders/9h/6hvtvt257md69k7nq7ycyq5h0000gn/T/fm-secondmate-restart.zjHky3/answer-at-timeout-decision-24526/home/state/sm1.git-hooks/post-applypatch: Permission denied
rm: /private/var/folders/9h/6hvtvt257md69k7nq7ycyq5h0000gn/T/fm-secondmate-restart.zjHky3/answer-at-timeout-decision-24526/home/state/sm1.git-hooks/post-rewrite: Permission denied
rm: /private/var/folders/9h/6hvtvt257md69k7nq7ycyq5h0000gn/T/fm-secondmate-restart.zjHky3/answer-at-timeout-decision-24526/home/state/sm1.git-hooks/commit-msg: Permission denied
rm: /private/var/folders/9h/6hvtvt257md69k7nq7ycyq5h0000gn/T/fm-secondmate-restart.zjHky3/answer-at-timeout-decision-24526/home/state/sm1.git-hooks/pre-push: Permission denied
rm: /private/var/folders/9h/6hvtvt257md69k7nq7ycyq5h0000gn/T/fm-secondmate-restart.zjHky3/answer-at-timeout-decision-24526/home/state/sm1.git-hooks/post-merge: Permission denied
rm: /private/var/folders/9h/6hvtvt257md69k7nq7ycyq5h0000gn/T/fm-secondmate-restart.zjHky3/answer-at-timeout-decision-24526/home/state/sm1.git-hooks/pre-commit: Permission denied
rm: /private/var/folders/9h/6hvtvt257md69k7nq7ycyq5h0000gn/T/fm-secondmate-restart.zjHky3/answer-at-timeout-decision-24526/home/state/sm1.git-hooks: Directory not empty
rm: /private/var/folders/9h/6hvtvt257md69k7nq7ycyq5h0000gn/T/fm-secondmate-restart.zjHky3/answer-at-timeout-decision-24526/home/state: Directory not empty
rm: /private/var/folders/9h/6hvtvt257md69k7nq7ycyq5h0000gn/T/fm-secondmate-restart.zjHky3/answer-at-timeout-decision-24526/home: Directory not empty
rm: /private/var/folders/9h/6hvtvt257md69k7nq7ycyq5h0000gn/T/fm-secondmate-restart.zjHky3/answer-at-timeout-decision-24526: Directory not empty
rm: /private/var/folders/9h/6hvtvt257md69k7nq7ycyq5h0000gn/T/fm-secondmate-restart.zjHky3/unknown-13148/home/state/sm1.git-hooks/pre-rebase: Permission denied
rm: /private/var/folders/9h/6hvtvt257md69k7nq7ycyq5h0000gn/T/fm-secondmate-restart.zjHky3/unknown-13148/home/state/sm1.git-hooks/pre-applypatch: Permission denied
rm: /private/var/folders/9h/6hvtvt257md69k7nq7ycyq5h0000gn/T/fm-secondmate-restart.zjHky3/unknown-13148/home/state/sm1.git-hooks/pre-auto-gc: Permission denied
rm: /private/var/folders/9h/6hvtvt257md69k7nq7ycyq5h0000gn/T/fm-secondmate-restart.zjHky3/unknown-13148/home/state/sm1.git-hooks/pre-merge-commit: Permission denied
rm: /private/var/folders/9h/6hvtvt257md69k7nq7ycyq5h0000gn/T/fm-secondmate-restart.zjHky3/unknown-13148/home/state/sm1.git-hooks/post-commit: Permission denied
rm: /private/var/folders/9h/6hvtvt257md69k7nq7ycyq5h0000gn/T/fm-secondmate-restart.zjHky3/unknown-13148/home/state/sm1.git-hooks/sendemail-validate: Permission denied
rm: /private/var/folders/9h/6hvtvt257md69k7nq7ycyq5h0000gn/T/fm-secondmate-restart.zjHky3/unknown-13148/home/state/sm1.git-hooks/applypatch-msg: Permission denied
rm: /private/var/folders/9h/6hvtvt257md69k7nq7ycyq5h0000gn/T/fm-secondmate-restart.zjHky3/unknown-13148/home/state/sm1.git-hooks/prepare-commit-msg: Permission denied
rm: /private/var/folders/9h/6hvtvt257md69k7nq7ycyq5h0000gn/T/fm-secondmate-restart.zjHky3/unknown-13148/home/state/sm1.git-hooks/post-checkout: Permission denied
rm: /private/var/folders/9h/6hvtvt257md69k7nq7ycyq5h0000gn/T/fm-secondmate-restart.zjHky3/unknown-13148/home/state/sm1.git-hooks/post-applypatch: Permission denied
rm: /private/var/folders/9h/6hvtvt257md69k7nq7ycyq5h0000gn/T/fm-secondmate-restart.zjHky3/unknown-13148/home/state/sm1.git-hooks/post-rewrite: Permission denied
rm: /private/var/folders/9h/6hvtvt257md69k7nq7ycyq5h0000gn/T/fm-secondmate-restart.zjHky3/unknown-13148/home/state/sm1.git-hooks/commit-msg: Permission denied
rm: /private/var/folders/9h/6hvtvt257md69k7nq7ycyq5h0000gn/T/fm-secondmate-restart.zjHky3/unknown-13148/home/state/sm1.git-hooks/pre-push: Permission denied
rm: /private/var/folders/9h/6hvtvt257md69k7nq7ycyq5h0000gn/T/fm-secondmate-restart.zjHky3/unknown-13148/home/state/sm1.git-hooks/post-merge: Permission denied
rm: /private/var/folders/9h/6hvtvt257md69k7nq7ycyq5h0000gn/T/fm-secondmate-restart.zjHky3/unknown-13148/home/state/sm1.git-hooks/pre-commit: Permission denied
rm: /private/var/folders/9h/6hvtvt257md69k7nq7ycyq5h0000gn/T/fm-secondmate-restart.zjHky3/unknown-13148/home/state/sm1.git-hooks: Directory not empty
rm: /private/var/folders/9h/6hvtvt257md69k7nq7ycyq5h0000gn/T/fm-secondmate-restart.zjHky3/unknown-13148/home/state: Directory not empty
rm: /private/var/folders/9h/6hvtvt257md69k7nq7ycyq5h0000gn/T/fm-secondmate-restart.zjHky3/unknown-13148/home: Directory not empty
rm: /private/var/folders/9h/6hvtvt257md69k7nq7ycyq5h0000gn/T/fm-secondmate-restart.zjHky3/unknown-13148: Directory not empty
rm: /private/var/folders/9h/6hvtvt257md69k7nq7ycyq5h0000gn/T/fm-secondmate-restart.zjHky3/relaunch-polling-8704/home/state/sm2.git-hooks/pre-rebase: Permission denied
rm: /private/var/folders/9h/6hvtvt257md69k7nq7ycyq5h0000gn/T/fm-secondmate-restart.zjHky3/relaunch-polling-8704/home/state/sm2.git-hooks/pre-applypatch: Permission denied
rm: /private/var/folders/9h/6hvtvt257md69k7nq7ycyq5h0000gn/T/fm-secondmate-restart.zjHky3/relaunch-polling-8704/home/state/sm2.git-hooks/pre-auto-gc: Permission denied
rm: /private/var/folders/9h/6hvtvt257md69k7nq7ycyq5h0000gn/T/fm-secondmate-restart.zjHky3/relaunch-polling-8704/home/state/sm2.git-hooks/pre-merge-commit: Permission denied
rm: /private/var/folders/9h/6hvtvt257md69k7nq7ycyq5h0000gn/T/fm-secondmate-restart.zjHky3/relaunch-polling-8704/home/state/sm2.git-hooks/post-commit: Permission denied
rm: /private/var/folders/9h/6hvtvt257md69k7nq7ycyq5h0000gn/T/fm-secondmate-restart.zjHky3/relaunch-polling-8704/home/state/sm2.git-hooks/sendemail-validate: Permission denied
rm: /private/var/folders/9h/6hvtvt257md69k7nq7ycyq5h0000gn/T/fm-secondmate-restart.zjHky3/relaunch-polling-8704/home/state/sm2.git-hooks/applypatch-msg: Permission denied
rm: /private/var/folders/9h/6hvtvt257md69k7nq7ycyq5h0000gn/T/fm-secondmate-restart.zjHky3/relaunch-polling-8704/home/state/sm2.git-hooks/prepare-commit-msg: Permission denied
rm: /private/var/folders/9h/6hvtvt257md69k7nq7ycyq5h0000gn/T/fm-secondmate-restart.zjHky3/relaunch-polling-8704/home/state/sm2.git-hooks/post-checkout: Permission denied
rm: /private/var/folders/9h/6hvtvt257md69k7nq7ycyq5h0000gn/T/fm-secondmate-restart.zjHky3/relaunch-polling-8704/home/state/sm2.git-hooks/post-applypatch: Permission denied
rm: /private/var/folders/9h/6hvtvt257md69k7nq7ycyq5h0000gn/T/fm-secondmate-restart.zjHky3/relaunch-polling-8704/home/state/sm2.git-hooks/post-rewrite: Permission denied
rm: /private/var/folders/9h/6hvtvt257md69k7nq7ycyq5h0000gn/T/fm-secondmate-restart.zjHky3/relaunch-polling-8704/home/state/sm2.git-hooks/commit-msg: Permission denied
rm: /private/var/folders/9h/6hvtvt257md69k7nq7ycyq5h0000gn/T/fm-secondmate-restart.zjHky3/relaunch-polling-8704/home/state/sm2.git-hooks/pre-push: Permission denied
rm: /private/var/folders/9h/6hvtvt257md69k7nq7ycyq5h0000gn/T/fm-secondmate-restart.zjHky3/relaunch-polling-8704/home/state/sm2.git-hooks/post-merge: Permission denied
rm: /private/var/folders/9h/6hvtvt257md69k7nq7ycyq5h0000gn/T/fm-secondmate-restart.zjHky3/relaunch-polling-8704/home/state/sm2.git-hooks/pre-commit: Permission denied
rm: /private/var/folders/9h/6hvtvt257md69k7nq7ycyq5h0000gn/T/fm-secondmate-restart.zjHky3/relaunch-polling-8704/home/state/sm2.git-hooks: Directory not empty
rm: /private/var/folders/9h/6hvtvt257md69k7nq7ycyq5h0000gn/T/fm-secondmate-restart.zjHky3/relaunch-polling-8704/home/state: Directory not empty
rm: /private/var/folders/9h/6hvtvt257md69k7nq7ycyq5h0000gn/T/fm-secondmate-restart.zjHky3/relaunch-polling-8704/home: Directory not empty
rm: /private/var/folders/9h/6hvtvt257md69k7nq7ycyq5h0000gn/T/fm-secondmate-restart.zjHky3/relaunch-polling-8704: Directory not empty
rm: /private/var/folders/9h/6hvtvt257md69k7nq7ycyq5h0000gn/T/fm-secondmate-restart.zjHky3/concurrent-waits-28265/home/state/sm2.git-hooks/pre-rebase: Permission denied
rm: /private/var/folders/9h/6hvtvt257md69k7nq7ycyq5h0000gn/T/fm-secondmate-restart.zjHky3/concurrent-waits-28265/home/state/sm2.git-hooks/pre-applypatch: Permission denied
rm: /private/var/folders/9h/6hvtvt257md69k7nq7ycyq5h0000gn/T/fm-secondmate-restart.zjHky3/concurrent-waits-28265/home/state/sm2.git-hooks/pre-auto-gc: Permission denied
rm: /private/var/folders/9h/6hvtvt257md69k7nq7ycyq5h0000gn/T/fm-secondmate-restart.zjHky3/concurrent-waits-28265/home/state/sm2.git-hooks/pre-merge-commit: Permission denied
rm: /private/var/folders/9h/6hvtvt257md69k7nq7ycyq5h0000gn/T/fm-secondmate-restart.zjHky3/concurrent-waits-28265/home/state/sm2.git-hooks/post-commit: Permission denied
rm: /private/var/folders/9h/6hvtvt257md69k7nq7ycyq5h0000gn/T/fm-secondmate-restart.zjHky3/concurrent-waits-28265/home/state/sm2.git-hooks/sendemail-validate: Permission denied
rm: /private/var/folders/9h/6hvtvt257md69k7nq7ycyq5h0000gn/T/fm-secondmate-restart.zjHky3/concurrent-waits-28265/home/state/sm2.git-hooks/applypatch-msg: Permission denied
rm: /private/var/folders/9h/6hvtvt257md69k7nq7ycyq5h0000gn/T/fm-secondmate-restart.zjHky3/concurrent-waits-28265/home/state/sm2.git-hooks/prepare-commit-msg: Permission denied
rm: /private/var/folders/9h/6hvtvt257md69k7nq7ycyq5h0000gn/T/fm-secondmate-restart.zjHky3/concurrent-waits-28265/home/state/sm2.git-hooks/post-checkout: Permission denied
rm: /private/var/folders/9h/6hvtvt257md69k7nq7ycyq5h0000gn/T/fm-secondmate-restart.zjHky3/concurrent-waits-28265/home/state/sm2.git-hooks/post-applypatch: Permission denied
rm: /private/var/folders/9h/6hvtvt257md69k7nq7ycyq5h0000gn/T/fm-secondmate-restart.zjHky3/concurrent-waits-28265/home/state/sm2.git-hooks/post-rewrite: Permission denied
rm: /private/var/folders/9h/6hvtvt257md69k7nq7ycyq5h0000gn/T/fm-secondmate-restart.zjHky3/concurrent-waits-28265/home/state/sm2.git-hooks/commit-msg: Permission denied
rm: /private/var/folders/9h/6hvtvt257md69k7nq7ycyq5h0000gn/T/fm-secondmate-restart.zjHky3/concurrent-waits-28265/home/state/sm2.git-hooks/pre-push: Permission denied
rm: /private/var/folders/9h/6hvtvt257md69k7nq7ycyq5h0000gn/T/fm-secondmate-restart.zjHky3/concurrent-waits-28265/home/state/sm2.git-hooks/post-merge: Permission denied
rm: /private/var/folders/9h/6hvtvt257md69k7nq7ycyq5h0000gn/T/fm-secondmate-restart.zjHky3/concurrent-waits-28265/home/state/sm2.git-hooks/pre-commit: Permission denied
rm: /private/var/folders/9h/6hvtvt257md69k7nq7ycyq5h0000gn/T/fm-secondmate-restart.zjHky3/concurrent-waits-28265/home/state/sm2.git-hooks: Directory not empty
rm: /private/var/folders/9h/6hvtvt257md69k7nq7ycyq5h0000gn/T/fm-secondmate-restart.zjHky3/concurrent-waits-28265/home/state: Directory not empty
rm: /private/var/folders/9h/6hvtvt257md69k7nq7ycyq5h0000gn/T/fm-secondmate-restart.zjHky3/concurrent-waits-28265/home: Directory not empty
rm: /private/var/folders/9h/6hvtvt257md69k7nq7ycyq5h0000gn/T/fm-secondmate-restart.zjHky3/concurrent-waits-28265: Directory not empty
rm: /private/var/folders/9h/6hvtvt257md69k7nq7ycyq5h0000gn/T/fm-secondmate-restart.zjHky3/post-stop-26420/home/state/sm1.git-hooks/pre-rebase: Permission denied
rm: /private/var/folders/9h/6hvtvt257md69k7nq7ycyq5h0000gn/T/fm-secondmate-restart.zjHky3/post-stop-26420/home/state/sm1.git-hooks/pre-applypatch: Permission denied
rm: /private/var/folders/9h/6hvtvt257md69k7nq7ycyq5h0000gn/T/fm-secondmate-restart.zjHky3/post-stop-26420/home/state/sm1.git-hooks/pre-auto-gc: Permission denied
rm: /private/var/folders/9h/6hvtvt257md69k7nq7ycyq5h0000gn/T/fm-secondmate-restart.zjHky3/post-stop-26420/home/state/sm1.git-hooks/pre-merge-commit: Permission denied
rm: /private/var/folders/9h/6hvtvt257md69k7nq7ycyq5h0000gn/T/fm-secondmate-restart.zjHky3/post-stop-26420/home/state/sm1.git-hooks/post-commit: Permission denied
rm: /private/var/folders/9h/6hvtvt257md69k7nq7ycyq5h0000gn/T/fm-secondmate-restart.zjHky3/post-stop-26420/home/state/sm1.git-hooks/sendemail-validate: Permission denied
rm: /private/var/folders/9h/6hvtvt257md69k7nq7ycyq5h0000gn/T/fm-secondmate-restart.zjHky3/post-stop-26420/home/state/sm1.git-hooks/applypatch-msg: Permission denied
rm: /private/var/folders/9h/6hvtvt257md69k7nq7ycyq5h0000gn/T/fm-secondmate-restart.zjHky3/post-stop-26420/home/state/sm1.git-hooks/prepare-commit-msg: Permission denied
rm: /private/var/folders/9h/6hvtvt257md69k7nq7ycyq5h0000gn/T/fm-secondmate-restart.zjHky3/post-stop-26420/home/state/sm1.git-hooks/post-checkout: Permission denied
rm: /private/var/folders/9h/6hvtvt257md69k7nq7ycyq5h0000gn/T/fm-secondmate-restart.zjHky3/post-stop-26420/home/state/sm1.git-hooks/post-applypatch: Permission denied
rm: /private/var/folders/9h/6hvtvt257md69k7nq7ycyq5h0000gn/T/fm-secondmate-restart.zjHky3/post-stop-26420/home/state/sm1.git-hooks/post-rewrite: Permission denied
rm: /private/var/folders/9h/6hvtvt257md69k7nq7ycyq5h0000gn/T/fm-secondmate-restart.zjHky3/post-stop-26420/home/state/sm1.git-hooks/commit-msg: Permission denied
rm: /private/var/folders/9h/6hvtvt257md69k7nq7ycyq5h0000gn/T/fm-secondmate-restart.zjHky3/post-stop-26420/home/state/sm1.git-hooks/pre-push: Permission denied
rm: /private/var/folders/9h/6hvtvt257md69k7nq7ycyq5h0000gn/T/fm-secondmate-restart.zjHky3/post-stop-26420/home/state/sm1.git-hooks/post-merge: Permission denied
rm: /private/var/folders/9h/6hvtvt257md69k7nq7ycyq5h0000gn/T/fm-secondmate-restart.zjHky3/post-stop-26420/home/state/sm1.git-hooks/pre-commit: Permission denied
rm: /private/var/folders/9h/6hvtvt257md69k7nq7ycyq5h0000gn/T/fm-secondmate-restart.zjHky3/post-stop-26420/home/state/sm1.git-hooks: Directory not empty
rm: /private/var/folders/9h/6hvtvt257md69k7nq7ycyq5h0000gn/T/fm-secondmate-restart.zjHky3/post-stop-26420/home/state: Directory not empty
rm: /private/var/folders/9h/6hvtvt257md69k7nq7ycyq5h0000gn/T/fm-secondmate-restart.zjHky3/post-stop-26420/home: Directory not empty
rm: /private/var/folders/9h/6hvtvt257md69k7nq7ycyq5h0000gn/T/fm-secondmate-restart.zjHky3/post-stop-26420: Directory not empty
rm: /private/var/folders/9h/6hvtvt257md69k7nq7ycyq5h0000gn/T/fm-secondmate-restart.zjHky3: Directory not empty
