PROBE test_away_yolo_cross_home_is_fleet_work code=/Users/jarad/.no-mistakes/worktrees/119cd7a6b9a4/01M49YHGQ1ZTS9V2MP714MEZST
actionable: PR https://github.com/o/r/pull/8 is registered but its ready line did not reach the parent channel (rc=3)
not ok - cross-home away yolo delivery requiring a merge remained captain work
{
  "schema": "fm-bearings.v1",
  "home": "fm-contributions.LQuKQx/away-yolo-parent",
  "generated": "2026-09-16T08:00:00Z",
  "prs": "not_requested (run: /bearings include PRs)",
  "contributions": {
    "scope": "owned contributions per home",
    "known": 0,
    "checked": 0,
    "counts": {
      "captain": 0,
      "fleet": 0,
      "maintainer": 0,
      "nobody": 0
    },
    "complete": false,
    "proven_clear": false,
    "unmeasured_homes": 1,
    "unreadable_records": 0,
    "unmeasured": 0,
    "stale_verdicts": 0,
    "missing_verdicts": 0,
    "captain_omitted": 0,
    "captain": []
  },
  "in_flight": [],
  "secondmates": [
    {
      "id": "child",
      "state": "unknown",
      "doing": "invalid home: secondmate home cannot be inside the firstmate repo",
      "provenance": "unknown",
      "freshness": "unknown",
      "age_seconds": null,
      "contradiction": false,
      "reason": "invalid home: secondmate home cannot be inside the firstmate repo"
    }
  ],
  "secondmate_reconcile": [],
  "decisions_open": [],
  "landed": [],
  "gates": [],
  "reports": [],
  "recorded_prs": [],
  "omitted": [
    {
      "surface": "backlog item bodies",
      "reveal": "--fields bodies"
    },
    {
      "surface": "task paths",
      "reveal": "--fields paths"
    },
    {
      "surface": "watch/steer actions",
      "reveal": "--fields actions"
    },
    {
      "surface": "healthy endpoint detail",
      "reveal": "--fields endpoints"
    },
    {
      "surface": "full scout-report inventory",
      "reveal": "--all-reports"
    },
    {
      "surface": "secondmate home(s) with unreadable structured state: 1",
      "reveal": "inspect the listed secondmate home ledgers"
    },
    {
      "surface": "live PR discovery + checks",
      "reveal": "--include-prs"
    }
  ]
}
PROBE test_expired_child_unsupported_forge_stays_unmeasured code=/Users/jarad/.no-mistakes/worktrees/119cd7a6b9a4/01M49YHGQ1ZTS9V2MP714MEZST
not ok - expired child unsupported-forge coverage became fleet work
{
  "schema": "fm-bearings.v1",
  "home": "fm-contributions.LQuKQx/expired-unsupported-parent",
  "generated": "2026-09-16T08:00:00Z",
  "prs": "not_requested (run: /bearings include PRs)",
  "contributions": {
    "scope": "owned contributions per home",
    "known": 0,
    "checked": 0,
    "counts": {
      "captain": 0,
      "fleet": 0,
      "maintainer": 0,
      "nobody": 0
    },
    "complete": false,
    "proven_clear": false,
    "unmeasured_homes": 1,
    "unreadable_records": 0,
    "unmeasured": 0,
    "stale_verdicts": 0,
    "missing_verdicts": 0,
    "captain_omitted": 0,
    "captain": []
  },
  "in_flight": [],
  "secondmates": [
    {
      "id": "child",
      "state": "unknown",
      "doing": "invalid home: secondmate home cannot be inside the firstmate repo",
      "provenance": "unknown",
      "freshness": "unknown",
      "age_seconds": null,
      "contradiction": false,
      "reason": "invalid home: secondmate home cannot be inside the firstmate repo"
    }
  ],
  "secondmate_reconcile": [],
  "decisions_open": [],
  "landed": [],
  "gates": [],
  "reports": [],
  "recorded_prs": [],
  "omitted": [
    {
      "surface": "backlog item bodies",
      "reveal": "--fields bodies"
    },
    {
      "surface": "task paths",
      "reveal": "--fields paths"
    },
    {
      "surface": "watch/steer actions",
      "reveal": "--fields actions"
    },
    {
      "surface": "healthy endpoint detail",
      "reveal": "--fields endpoints"
    },
    {
      "surface": "full scout-report inventory",
      "reveal": "--all-reports"
    },
    {
      "surface": "secondmate home(s) with unreadable structured state: 1",
      "reveal": "inspect the listed secondmate home ledgers"
    },
    {
      "surface": "live PR discovery + checks",
      "reveal": "--include-prs"
    }
  ]
}
PROBE test_home_summary_coverage code=/Users/jarad/.no-mistakes/worktrees/119cd7a6b9a4/01M49YHGQ1ZTS9V2MP714MEZST
not ok - measured child coverage did not reach parent
{
  "schema": "fm-bearings.v1",
  "home": "fm-contributions.LQuKQx/parent",
  "generated": "2026-09-16T08:00:00Z",
  "prs": "not_requested (run: /bearings include PRs)",
  "contributions": {
    "scope": "owned contributions per home",
    "known": 0,
    "checked": 0,
    "counts": {
      "captain": 0,
      "fleet": 0,
      "maintainer": 0,
      "nobody": 0
    },
    "complete": false,
    "proven_clear": false,
    "unmeasured_homes": 1,
    "unreadable_records": 0,
    "unmeasured": 0,
    "stale_verdicts": 0,
    "missing_verdicts": 0,
    "captain_omitted": 0,
    "captain": []
  },
  "in_flight": [],
  "secondmates": [
    {
      "id": "child",
      "state": "unknown",
      "doing": "invalid home: secondmate home cannot be inside the firstmate repo",
      "provenance": "unknown",
      "freshness": "unknown",
      "age_seconds": null,
      "contradiction": false,
      "reason": "invalid home: secondmate home cannot be inside the firstmate repo"
    }
  ],
  "secondmate_reconcile": [],
  "decisions_open": [],
  "landed": [],
  "gates": [],
  "reports": [],
  "recorded_prs": [],
  "omitted": [
    {
      "surface": "backlog item bodies",
      "reveal": "--fields bodies"
    },
    {
      "surface": "task paths",
      "reveal": "--fields paths"
    },
    {
      "surface": "watch/steer actions",
      "reveal": "--fields actions"
    },
    {
      "surface": "healthy endpoint detail",
      "reveal": "--fields endpoints"
    },
    {
      "surface": "full scout-report inventory",
      "reveal": "--all-reports"
    },
    {
      "surface": "secondmate home(s) with unreadable structured state: 1",
      "reveal": "inspect the listed secondmate home ledgers"
    },
    {
      "surface": "live PR discovery + checks",
      "reveal": "--include-prs"
    }
  ]
}
