error: "Stale ref @g1:1_34: from snapshot generation 1, current is 2. Re-snapshot to get fresh refs."
code: STALE_REF
help[1]: "Run `chrome-devtools-axi snapshot` to capture current refs, then retry the action"
page:
  title: House lines - Firstmate
  refs: 130
snapshot:
uid=g3:1_0 RootWebArea "House lines - Firstmate" url="file:///Users/jarad/.no-mistakes/evidence/01M47F5G2PB5FR3SPDXDPN116F/live-house-board.html"
  uid=g3:1_1 navigation
    uid=g3:1_2 StaticText "H"
    uid=g3:1_3 StaticText "Firstmate "
    uid=g3:1_4 StaticText "house"
    uid=g3:1_5 StaticText "fm-house-board.v1 · 2026-10-06T02:07:09Z"
  uid=g3:1_6 main
    uid=g3:1_7 StaticText "THE LINES WE RUN"
    uid=g3:1_8 heading "House features" level="1"
    uid=g3:1_9 StaticText "Live fork and upstream reads, joined to the private house register. Branch presence and current house membership are checked against GitHub when this page is rebuilt. Filters work in this page without another request."
    uid=g3:1_10 region "Project lines"
      uid=g3:1_11 heading "firstmate" level="3"
      uid=g3:1_12 StaticText "jazz127/firstmate ↔ kunchenguid/firstmate"
      uid=g3:1_13 StaticText "House tip"
      uid=g3:1_14 StaticText "6f359848"
      uid=g3:1_15 StaticText "Ahead of upstream"
      uid=g3:1_16 StaticText "582 commits, 6 behind"
      uid=g3:1_17 StaticText "Upstream main"
      uid=g3:1_18 StaticText "70f2ed3d"
      uid=g3:1_19 StaticText "Fork main mirror"
      uid=g3:1_20 StaticText "Drifted · f470a01c"
    uid=g3:1_21 region "Filtered counts"
      uid=g3:3_0 StaticText "1 / 110"
      uid=g3:3_1 StaticText "SHOWING"
      uid=g3:3_2 StaticText "1"
      uid=g3:3_3 StaticText "ON HOUSE"
      uid=g3:3_4 StaticText "0"
      uid=g3:3_5 StaticText "OFFERED"
      uid=g3:3_6 StaticText "0"
      uid=g3:3_7 StaticText "HISTORICAL"
      uid=g3:3_8 StaticText "0"
      uid=g3:3_9 StaticText "REGISTER MISMATCHES"
    uid=g3:1_32 region "Feature filters"
      uid=g3:1_33 StaticText "SEARCH NAME OR DESCRIPTION"
      uid=g3:1_34 searchbox "SEARCH NAME OR DESCRIPTION" focusable focused value="Offer closeout"
      uid=g3:1_35 StaticText "PROJECT"
      uid=g3:1_36 combobox "PROJECT" expandable haspopup="menu" value="All projects"
        uid=g3:1_37 option "All projects" selectable selected value="All projects"
        uid=g3:1_38 option "firstmate" selectable value="firstmate"
      uid=g3:1_39 StaticText "LABEL"
      uid=g3:1_40 combobox "LABEL" expandable haspopup="menu" value="All labels"
        uid=g3:1_41 option "All labels" selectable selected value="All labels"
        uid=g3:1_42 option "house-only" selectable value="house-only"
        uid=g3:1_43 option "upstream-candidate" selectable value="upstream-candidate"
      uid=g3:1_44 StaticText "STATE"
      uid=g3:1_45 combobox "STATE" expandable haspopup="menu" value="All states"
        uid=g3:1_46 option "All states" selectable selected value="All states"
        uid=g3:1_47 option "landed" selectable value="landed"
        uid=g3:1_48 option "unlanded" selectable value="unlanded"
      uid=g3:1_49 StaticText "POSTURE"
      uid=g3:1_50 combobox "POSTURE" expandable haspopup="menu" value="Any posture"
        uid=g3:1_51 option "Any posture" selectable selected value="Any posture"
        uid=g3:1_52 option "Landed" selectable value="Landed"
        uid=g3:1_53 option "Offered" selectable value="Offered"
        uid=g3:1_54 option "Historical" selectable value="Historical"
        uid=g3:1_55 option "Register mismatch" selectable value="Register mismatch"
      uid=g3:1_56 StaticText "AGE"
      uid=g3:1_57 combobox "AGE" expandable haspopup="menu" value="Any age"
        uid=g3:1_58 option "Any age" selectable selected value="Any age"
        uid=g3:1_59 option "7+ days" selectable value="7+ days"
        uid=g3:1_60 option "30+ days" selectable value="30+ days"
        uid=g3:1_61 option "90+ days" selectable value="90+ days"
      uid=g3:1_62 StaticText "SORT"
      uid=g3:1_63 combobox "SORT" expandable haspopup="menu" value="Project"
        uid=g3:1_64 option "Project" selectable selected value="Project"
        uid=g3:1_65 option "Age, oldest first" selectable value="Age, oldest first"
        uid=g3:1_66 option "State" selectable value="State"
    uid=g3:1_67 heading "Feature ledger" level="2"
    uid=g3:3_10 StaticText "1 matching features"
    uid=g3:1_69 StaticText "FEATURE"
    uid=g3:1_70 StaticText "PROJECT / BRANCH"
    uid=g3:1_71 StaticText "COMMITS"
    uid=g3:1_72 StaticText "ON HOUSE"
    uid=g3:1_73 StaticText "LABEL / STATE"
    uid=g3:1_74 StaticText "PULL REQUESTS"
    uid=g3:1_75 StaticText "AGE"
    uid=g3:3_11 StaticText "Offer closeout"
    uid=g3:3_12 StaticText "Integrated closeout feature"
    uid=g3:3_13 StaticText "firstmate"
    uid=g3:3_14 link "housefeature/offer-closeout" url="https://github.com/jazz127/firstmate/tree/housefeature/offer-closeout"
      uid=g3:3_15 StaticText "housefeature/offer-closeout"
    uid=g3:3_16 StaticText "Register + fork"
    uid=g3:3_17 link "db4f1ecc" url="https://github.com/jazz127/firstmate/commit/db4f1eccd3b3bc7c8beb466c82efa1018cc98685"
      uid=g3:3_18 StaticText "db4f1ecc"
    uid=g3:3_19 link "6f359848" url="https://github.com/jazz127/firstmate/commit/6f3598480e37fcd350a5c05d5c8dc3926901b1e1"
      uid=g3:3_20 StaticText "6f359848"
    uid=g3:3_21 StaticText "Yes"
    uid=g3:3_22 StaticText "house-only"
    uid=g3:3_23 StaticText "landed · fork PR"
    uid=g3:3_24 link "Fork · merged" url="https://github.com/jazz127/firstmate/pull/192"
      uid=g3:3_25 StaticText "Fork · merged"
    uid=g3:3_26 StaticText "0d"
    uid=g3:1_1614 DisclosureTriangle "Plumbing branches (12)" expandable expanded
    uid=g3:3_27 StaticText "firstmate · House integration · "
    uid=g3:3_28 link "housefeature/attestation-house-integration" url="https://github.com/jazz127/firstmate/tree/housefeature/attestation-house-integration"
      uid=g3:3_29 StaticText "housefeature/attestation-house-integration"
    uid=g3:3_30 StaticText "firstmate · House integration · "
    uid=g3:3_31 link "housefeature/dock-seat-house-integration" url="https://github.com/jazz127/firstmate/tree/housefeature/dock-seat-house-integration"
      uid=g3:3_32 StaticText "housefeature/dock-seat-house-integration"
    uid=g3:3_33 StaticText "firstmate · House integration · "
    uid=g3:3_34 link "housefeature/evidence-boundary-house-integration" url="https://github.com/jazz127/firstmate/tree/housefeature/evidence-boundary-house-integration"
      uid=g3:3_35 StaticText "housefeature/evidence-boundary-house-integration"
    uid=g3:3_36 StaticText "firstmate · House integration · "
    uid=g3:3_37 link "housefeature/evidence-contradiction-house-integration" url="https://github.com/jazz127/firstmate/tree/housefeature/evidence-contradiction-house-integration"
      uid=g3:3_38 StaticText "housefeature/evidence-contradiction-house-integration"
    uid=g3:3_39 StaticText "firstmate · House integration · "
    uid=g3:3_40 link "housefeature/hf-pr-merge-update-house-integration" url="https://github.com/jazz127/firstmate/tree/housefeature/hf-pr-merge-update-house-integration"
      uid=g3:3_41 StaticText "housefeature/hf-pr-merge-update-house-integration"
    uid=g3:3_42 StaticText "firstmate · Upstream main sync · "
    uid=g3:3_43 link "housefeature/hf-upstream-main-sync-5" url="https://github.com/jazz127/firstmate/tree/housefeature/hf-upstream-main-sync-5"
      uid=g3:3_44 StaticText "housefeature/hf-upstream-main-sync-5"
    uid=g3:3_45 StaticText "firstmate · Upstream main sync · "
    uid=g3:3_46 link "housefeature/hf-upstream-main-sync-6" url="https://github.com/jazz127/firstmate/tree/housefeature/hf-upstream-main-sync-6"
      uid=g3:3_47 StaticText "housefeature/hf-upstream-main-sync-6"
    uid=g3:3_48 StaticText "firstmate · House test fixes · "
    uid=g3:3_49 link "housefeature/house-test-fixes" url="https://github.com/jazz127/firstmate/tree/housefeature/house-test-fixes"
      uid=g3:3_50 StaticText "housefeature/house-test-fixes"
    uid=g3:3_51 StaticText "firstmate · House integration · "
    uid=g3:3_52 link "housefeature/pr-evidence-preflight-house-integration" url="https://github.com/jazz127/firstmate/tree/housefeature/pr-evidence-preflight-house-integration"
      uid=g3:3_53 StaticText "housefeature/pr-evidence-preflight-house-integration"
    uid=g3:3_54 StaticText "firstmate · House integration · "
    uid=g3:3_55 link "housefeature/ready-session-timeout-house-integration" url="https://github.com/jazz127/firstmate/tree/housefeature/ready-session-timeout-house-integration"
      uid=g3:3_56 StaticText "housefeature/ready-session-timeout-house-integration"
    uid=g3:3_57 StaticText "firstmate · House reconciliation or fix · "
    uid=g3:3_58 link "housefeature/remote-job-stable-identity-house-fix" url="https://github.com/jazz127/firstmate/tree/housefeature/remote-job-stable-identity-house-fix"
      uid=g3:3_59 StaticText "housefeature/remote-job-stable-identity-house-fix"
    uid=g3:3_60 StaticText "firstmate · Upstream merge · "
    uid=g3:3_61 link "housefeature/upstream-5872-merge" url="https://github.com/jazz127/firstmate/tree/housefeature/upstream-5872-merge"
      uid=g3:3_62 StaticText "housefeature/upstream-5872-merge"
    uid=g3:1_1615 StaticText "Age begins at the fork PR creation when available, otherwise the upstream PR creation or branch tip date. Regenerate to refresh GitHub facts."
help[4]:
  Run `chrome-devtools-axi press Enter` to submit the form
  Run `chrome-devtools-axi click @g3:3_14` to click the "housefeature/offer-closeout" link
  Run `chrome-devtools-axi scroll down` to scroll down
  Use `chrome-devtools-axi eval <expr>` for JS expressions. For multi-statement code, pass a function: `eval "() => { ...; return result }"`
