FM_TEST_BEGIN 2026-09-29T05:00:09Z tests/fm-dod-lib.test.sh family=pure-contract-unit expected_gate_skip=none
ok - external PR ready signals require receipts while owned PRs remain unaffected
ok - scout done: is not gated
ok - evidence claims require artifact provenance
ok - evidence claims accept readable provenance and spare ordinary prose
ok - scenario consistency is enforced only for PR-body publication
ok - scenario count agreeing with any complete table is accepted
ok - scenario count refusal cites the table matching the claimed total
ok - one-row table cannot mask a contradictory scenario count
ok - unpushed ship done: is refused
ok - ship done: with a committed scratch bundle is refused with the path as its reason
ok - a recorded Gerrit ship done: with committed scratch is refused
ok - a recorded PR with a missing worktree is still accepted
ok - no-mistakes pre-validation done: is not gated
ok - named head on a remote-tracking ref is accepted
ok - a moved remote branch that lacks the named head is refused
ok - a 40-hex token in the note is not the named head
ok - a recorded merged PR satisfies the gate after prune
ok - the merged-PR short-circuit applies only to the recorded PR the done line names
ok - a forge-recorded head for the named PR is accepted without a local object
ok - a direct-PR recorded head does not cover a later unpushed commit
ok - no-mistakes ready-PR done: with extra text or an explicit CI skip is gated
ok - keyed and spaced ship done: lines are gated
ok - local-only linked named branch is reachable from the project clone
ok - local-only detached HEAD only in the disposable copy is refused
ok - standalone local-only done: requires the named head in the project clone
ok - non-done lines are not gated
ok - fenced and indented Captain lines are not authorized intent
ok - PR-based DoD draft check uses gh-axi
all fm-dod-lib tests passed
FM_TEST_END 2026-09-29T05:00:52Z tests/fm-dod-lib.test.sh exit=0 duration_ms=42986 gate_skip=false
FM_TEST_BEGIN 2026-09-29T05:00:53Z tests/fm-teardown.test.sh family=pr-forge expected_gate_skip=none
ok - a missing teardown startup source refuses before cleanup
ok - an unreadable teardown startup source refuses before cleanup
ok - a missing adapter sibling refuses before cleanup
ok - a forced descendant with a missing adapter sibling refuses before cleanup
ok - a forced secondmate with a missing own adapter sibling refuses before child cleanup
ok - present required sources still reach the ordinary teardown refusal
ok - local-only worktree with HEAD on a fork remote is torn down and the home summary is refreshed
ok - teardown closes its own backlog item before reporting success
ok - teardown honors config/backlog-backend=manual and still finishes cleanly
ok - local-only worktree with truly unpushed work is refused (safety preserved)
ok - local-only worktree with work merged into local main is torn down (no regression)
ok - no-mistakes worktree with HEAD on origin is torn down (no regression)
ok - no-mistakes worktree with genuinely unlanded work is refused (safety preserved)
ok - local-only worktree with unpushed work is torn down under --force (escape hatch)
not ok - mate-pr-ready: fm-pr-check failed: error: cannot inspect the published file list for https://github.com/example/repo/pull/7
error: published intent validation failed
FM_TEST_END 2026-09-29T05:02:35Z tests/fm-teardown.test.sh exit=1 duration_ms=102333 gate_skip=false
FM_TEST_SUMMARY total=2 failed=1 skipped_gate=0 duration_ms=146197
FM_TEST_SUMMARY_FAMILY family=pr-forge count=1 duration_ms=102333 failed=1
FM_TEST_SUMMARY_FAMILY family=pure-contract-unit count=1 duration_ms=42986 failed=0
FM_TEST_SLOWEST rank=1 script=tests/fm-teardown.test.sh duration_ms=102333
FM_TEST_SLOWEST rank=2 script=tests/fm-dod-lib.test.sh duration_ms=42986
