FM_TEST_BEGIN 2026-09-29T05:02:43Z tests/fm-teardown.test.sh family=pr-forge expected_gate_skip=none
ok - a missing teardown startup source refuses before cleanup
ok - an unreadable teardown startup source refuses before cleanup
ok - a missing adapter sibling refuses before cleanup
ok - a forced descendant with a missing adapter sibling refuses before cleanup
ok - a forced secondmate with a missing own adapter sibling refuses before child cleanup
ok - present required sources still reach the ordinary teardown refusal
ok - local-only worktree with HEAD on a fork remote is torn down and the home summary is refreshed
ok - teardown closes its own backlog item before reporting success
ok - teardown honors config/backlog-backend=manual and still finishes cleanly
ok - local-only worktree with truly unpushed work is refused (safety preserved)
ok - local-only worktree with work merged into local main is torn down (no regression)
ok - no-mistakes worktree with HEAD on origin is torn down (no regression)
ok - no-mistakes worktree with genuinely unlanded work is refused (safety preserved)
ok - local-only worktree with unpushed work is torn down under --force (escape hatch)
not ok - mate-pr-ready: fm-pr-check failed: error: cannot inspect the published file list for https://github.com/example/repo/pull/7
error: published intent validation failed
FM_TEST_END 2026-09-29T05:04:21Z tests/fm-teardown.test.sh exit=1 duration_ms=98429 gate_skip=false
FM_TEST_SUMMARY total=1 failed=1 skipped_gate=0 duration_ms=98768
FM_TEST_SUMMARY_FAMILY family=pr-forge count=1 duration_ms=98429 failed=1
FM_TEST_SLOWEST rank=1 script=tests/fm-teardown.test.sh duration_ms=98429
