$ /Users/jarad/.no-mistakes/worktrees/119cd7a6b9a4/01M46XS3FHE09Z71KNW1MME0W5/bin/fm-lab-home.sh create /Users/jarad/.no-mistakes/worktrees/119cd7a6b9a4/01M46XS3FHE09Z71KNW1MME0W5/.live-boundaries-hcr4dt0w/0
/Users/jarad/.no-mistakes/worktrees/119cd7a6b9a4/01M46XS3FHE09Z71KNW1MME0W5/.live-boundaries-hcr4dt0w/0
$ git init --quiet /Users/jarad/.no-mistakes/worktrees/119cd7a6b9a4/01M46XS3FHE09Z71KNW1MME0W5/.live-boundaries-hcr4dt0w/0/projects/local-checkout
(no output)
$ git -C /Users/jarad/.no-mistakes/worktrees/119cd7a6b9a4/01M46XS3FHE09Z71KNW1MME0W5/.live-boundaries-hcr4dt0w/0/projects/local-checkout -c user.name=Lab -c user.email=lab@example.invalid commit --allow-empty --quiet -m Disposable local state
(no output)
SCENARIO: owned repository remains merge-based
$ /Users/jarad/.no-mistakes/worktrees/119cd7a6b9a4/01M46XS3FHE09Z71KNW1MME0W5/bin/fm-contributions.sh poll
(no output)
{
  "url": "https://github.com/jazz127/firstmate/pull/23",
  "error": null,
  "permission": "ADMIN",
  "checks": [
    {
      "name": "House checks",
      "id": 107722925799,
      "status": "completed",
      "conclusion": "success",
      "started_at": "2026-09-24T16:15:42Z"
    }
  ],
  "closeout_notice": null,
  "metadata_retained": true
}
PASS: owned repository remains merge-based
$ /Users/jarad/.no-mistakes/worktrees/119cd7a6b9a4/01M46XS3FHE09Z71KNW1MME0W5/bin/fm-lab-home.sh create /Users/jarad/.no-mistakes/worktrees/119cd7a6b9a4/01M46XS3FHE09Z71KNW1MME0W5/.live-boundaries-hcr4dt0w/1
/Users/jarad/.no-mistakes/worktrees/119cd7a6b9a4/01M46XS3FHE09Z71KNW1MME0W5/.live-boundaries-hcr4dt0w/1
$ git init --quiet /Users/jarad/.no-mistakes/worktrees/119cd7a6b9a4/01M46XS3FHE09Z71KNW1MME0W5/.live-boundaries-hcr4dt0w/1/projects/local-checkout
(no output)
$ git -C /Users/jarad/.no-mistakes/worktrees/119cd7a6b9a4/01M46XS3FHE09Z71KNW1MME0W5/.live-boundaries-hcr4dt0w/1/projects/local-checkout -c user.name=Lab -c user.email=lab@example.invalid commit --allow-empty --quiet -m Disposable local state
(no output)
SCENARIO: red CI holds expired outside offer
$ /Users/jarad/.no-mistakes/worktrees/119cd7a6b9a4/01M46XS3FHE09Z71KNW1MME0W5/bin/fm-contributions.sh poll
contribution-wake: check: contributions closeout offer https://github.com/kunchenguid/quota-axi/pull/295 head=764bd81eeb469678dc205556092e4a06723ef4c9 state=review
contribution-wake: check: contributions offer 27713d2f94e81d58df5c78c649899ae47726e70751cfc62653d951f5c1e52955
contribution-wake: check: contributions offer 6a088f11a92a91e52cf4d8555812c33e41dfb4cfff1e5cba6c852ad0d5189d46
$ /Users/jarad/.no-mistakes/worktrees/119cd7a6b9a4/01M46XS3FHE09Z71KNW1MME0W5/bin/fm-contributions.sh ack offer https://github.com/kunchenguid/quota-axi/pull/295 comment:5867459074:2026-09-28T09:45:24Z:
(no output)
$ /Users/jarad/.no-mistakes/worktrees/119cd7a6b9a4/01M46XS3FHE09Z71KNW1MME0W5/bin/fm-contributions.sh ack offer https://github.com/kunchenguid/quota-axi/pull/295 comment:5871441511:2026-09-28T14:00:07Z:
(no output)
$ /Users/jarad/.no-mistakes/worktrees/119cd7a6b9a4/01M46XS3FHE09Z71KNW1MME0W5/bin/fm-contributions.sh poll
contribution-wake: check: contributions closeout offer https://github.com/kunchenguid/quota-axi/pull/295 head=764bd81eeb469678dc205556092e4a06723ef4c9 state=ci
{
  "url": "https://github.com/kunchenguid/quota-axi/pull/295",
  "error": null,
  "permission": "READ",
  "checks": [
    {
      "name": "PR must be raised via no-mistakes",
      "id": 108961926752,
      "status": "completed",
      "conclusion": "failure",
      "started_at": "2026-09-28T13:58:39Z"
    },
    {
      "name": "build-and-test",
      "id": 108961922116,
      "status": "completed",
      "conclusion": "success",
      "started_at": "2026-09-28T13:58:37Z"
    },
    {
      "name": "Generated files must not be hand-edited",
      "id": 108961921051,
      "status": "completed",
      "conclusion": "success",
      "started_at": "2026-09-28T13:58:38Z"
    },
    {
      "name": "Greptile Review",
      "id": 108892815169,
      "status": "completed",
      "conclusion": "failure",
      "started_at": "2026-09-28T10:45:31Z"
    }
  ],
  "closeout_notice": "764bd81eeb469678dc205556092e4a06723ef4c9:ci",
  "metadata_retained": true
}
PASS: red CI holds expired outside offer
$ /Users/jarad/.no-mistakes/worktrees/119cd7a6b9a4/01M46XS3FHE09Z71KNW1MME0W5/bin/fm-lab-home.sh create /Users/jarad/.no-mistakes/worktrees/119cd7a6b9a4/01M46XS3FHE09Z71KNW1MME0W5/.live-boundaries-hcr4dt0w/2
/Users/jarad/.no-mistakes/worktrees/119cd7a6b9a4/01M46XS3FHE09Z71KNW1MME0W5/.live-boundaries-hcr4dt0w/2
$ git init --quiet /Users/jarad/.no-mistakes/worktrees/119cd7a6b9a4/01M46XS3FHE09Z71KNW1MME0W5/.live-boundaries-hcr4dt0w/2/projects/local-checkout
(no output)
$ git -C /Users/jarad/.no-mistakes/worktrees/119cd7a6b9a4/01M46XS3FHE09Z71KNW1MME0W5/.live-boundaries-hcr4dt0w/2/projects/local-checkout -c user.name=Lab -c user.email=lab@example.invalid commit --allow-empty --quiet -m Disposable local state
(no output)
SCENARIO: write scope keeps upstream-named project merge-based
$ /Users/jarad/.no-mistakes/worktrees/119cd7a6b9a4/01M46XS3FHE09Z71KNW1MME0W5/bin/fm-contributions.sh poll
(no output)
{
  "url": "https://github.com/sthi-1005/fm-quarterdeck/pull/12",
  "error": null,
  "permission": "WRITE",
  "checks": [],
  "closeout_notice": null,
  "metadata_retained": true
}
PASS: write scope keeps upstream-named project merge-based
$ /Users/jarad/.no-mistakes/worktrees/119cd7a6b9a4/01M46XS3FHE09Z71KNW1MME0W5/bin/fm-lab-home.sh create /Users/jarad/.no-mistakes/worktrees/119cd7a6b9a4/01M46XS3FHE09Z71KNW1MME0W5/.live-boundaries-hcr4dt0w/3
/Users/jarad/.no-mistakes/worktrees/119cd7a6b9a4/01M46XS3FHE09Z71KNW1MME0W5/.live-boundaries-hcr4dt0w/3
$ git init --quiet /Users/jarad/.no-mistakes/worktrees/119cd7a6b9a4/01M46XS3FHE09Z71KNW1MME0W5/.live-boundaries-hcr4dt0w/3/projects/local-checkout
(no output)
$ git -C /Users/jarad/.no-mistakes/worktrees/119cd7a6b9a4/01M46XS3FHE09Z71KNW1MME0W5/.live-boundaries-hcr4dt0w/3/projects/local-checkout -c user.name=Lab -c user.email=lab@example.invalid commit --allow-empty --quiet -m Disposable local state
(no output)
SCENARIO: no CI verdict holds expired outside offer
$ /Users/jarad/.no-mistakes/worktrees/119cd7a6b9a4/01M46XS3FHE09Z71KNW1MME0W5/bin/fm-contributions.sh poll
contribution-wake: check: contributions closeout offer https://github.com/octocat/Hello-World/pull/11462 head=22231c514c9673ff14411afb9b54624faedf69a4 state=ci
$ /Users/jarad/.no-mistakes/worktrees/119cd7a6b9a4/01M46XS3FHE09Z71KNW1MME0W5/bin/fm-contributions.sh poll
(no output)
{
  "url": "https://github.com/octocat/Hello-World/pull/11462",
  "error": null,
  "permission": "READ",
  "checks": [],
  "closeout_notice": "22231c514c9673ff14411afb9b54624faedf69a4:ci",
  "metadata_retained": true
}
PASS: no CI verdict holds expired outside offer
$ /Users/jarad/.no-mistakes/worktrees/119cd7a6b9a4/01M46XS3FHE09Z71KNW1MME0W5/bin/fm-lab-home.sh create /Users/jarad/.no-mistakes/worktrees/119cd7a6b9a4/01M46XS3FHE09Z71KNW1MME0W5/.live-boundaries-hcr4dt0w/4
/Users/jarad/.no-mistakes/worktrees/119cd7a6b9a4/01M46XS3FHE09Z71KNW1MME0W5/.live-boundaries-hcr4dt0w/4
$ git init --quiet /Users/jarad/.no-mistakes/worktrees/119cd7a6b9a4/01M46XS3FHE09Z71KNW1MME0W5/.live-boundaries-hcr4dt0w/4/projects/local-checkout
(no output)
$ git -C /Users/jarad/.no-mistakes/worktrees/119cd7a6b9a4/01M46XS3FHE09Z71KNW1MME0W5/.live-boundaries-hcr4dt0w/4/projects/local-checkout -c user.name=Lab -c user.email=lab@example.invalid commit --allow-empty --quiet -m Disposable local state
(no output)
SCENARIO: supported metadata tails permit closeout
$ /Users/jarad/.no-mistakes/worktrees/119cd7a6b9a4/01M46XS3FHE09Z71KNW1MME0W5/bin/fm-contributions.sh poll
contribution-wake: check: contributions closeout offer https://github.com/kunchenguid/quota-axi/pull/297 head=f2cf34b5f2baf34203be22cef634a69323a07acd state=review
contribution-wake: check: contributions offer 1039dc9026a99fb4c6e3b0cb5de61adc616471a09f07356ccff6a50b5880ff13
contribution-wake: check: contributions offer 76131602d78771267dd9d092689ea5c7dff1e5926f1b92eeed4c2108cc3e70ca
$ /Users/jarad/.no-mistakes/worktrees/119cd7a6b9a4/01M46XS3FHE09Z71KNW1MME0W5/bin/fm-contributions.sh ack offer https://github.com/kunchenguid/quota-axi/pull/297 comment:5879422864:2026-09-28T21:52:39Z:
(no output)
$ /Users/jarad/.no-mistakes/worktrees/119cd7a6b9a4/01M46XS3FHE09Z71KNW1MME0W5/bin/fm-contributions.sh ack offer https://github.com/kunchenguid/quota-axi/pull/297 comment:5882119867:2026-09-29T01:51:38Z:
(no output)
$ /Users/jarad/.no-mistakes/worktrees/119cd7a6b9a4/01M46XS3FHE09Z71KNW1MME0W5/bin/fm-contributions.sh poll
contribution-wake: check: contributions closeout offer https://github.com/kunchenguid/quota-axi/pull/297 head=f2cf34b5f2baf34203be22cef634a69323a07acd state=ready
{
  "url": "https://github.com/kunchenguid/quota-axi/pull/297",
  "error": null,
  "permission": "READ",
  "checks": [
    {
      "name": "PR must be raised via no-mistakes",
      "id": 109218690600,
      "status": "completed",
      "conclusion": "success",
      "started_at": "2026-09-29T01:48:42Z"
    },
    {
      "name": "Generated files must not be hand-edited",
      "id": 109218686992,
      "status": "completed",
      "conclusion": "success",
      "started_at": "2026-09-29T01:48:35Z"
    },
    {
      "name": "build-and-test",
      "id": 109218683487,
      "status": "completed",
      "conclusion": "success",
      "started_at": "2026-09-29T01:48:34Z"
    },
    {
      "name": "Greptile Review",
      "id": 109154883057,
      "status": "completed",
      "conclusion": "success",
      "started_at": "2026-09-28T21:59:21Z"
    }
  ],
  "closeout_notice": "f2cf34b5f2baf34203be22cef634a69323a07acd:ready",
  "metadata_retained": true
}
PASS: supported metadata tails permit closeout
$ /Users/jarad/.no-mistakes/worktrees/119cd7a6b9a4/01M46XS3FHE09Z71KNW1MME0W5/bin/fm-lab-home.sh create /Users/jarad/.no-mistakes/worktrees/119cd7a6b9a4/01M46XS3FHE09Z71KNW1MME0W5/.live-boundaries-hcr4dt0w/5
/Users/jarad/.no-mistakes/worktrees/119cd7a6b9a4/01M46XS3FHE09Z71KNW1MME0W5/.live-boundaries-hcr4dt0w/5
$ git init --quiet /Users/jarad/.no-mistakes/worktrees/119cd7a6b9a4/01M46XS3FHE09Z71KNW1MME0W5/.live-boundaries-hcr4dt0w/5/projects/local-checkout
(no output)
$ git -C /Users/jarad/.no-mistakes/worktrees/119cd7a6b9a4/01M46XS3FHE09Z71KNW1MME0W5/.live-boundaries-hcr4dt0w/5/projects/local-checkout -c user.name=Lab -c user.email=lab@example.invalid commit --allow-empty --quiet -m Disposable local state
(no output)
SCENARIO: stale retained PR cannot close out replacement
$ /Users/jarad/.no-mistakes/worktrees/119cd7a6b9a4/01M46XS3FHE09Z71KNW1MME0W5/bin/fm-contributions.sh poll
contribution-wake: check: contributions closeout offer https://github.com/kunchenguid/quota-axi/pull/292 head=758eee54ea5e5cb966d9ac6195a83bd7e9b82e27 state=review
contribution-wake: check: contributions offer 3f7a65e34e94041406ca6e0111d6ea9f296fb289ce4b7a0f40bd625a11b9a18d
contribution-wake: check: contributions offer 9c2958ce3533d3363e69192db9ebb472b7085f00af5950667e2d813fe0b6c508
contribution-wake: check: contributions offer 1039dc9026a99fb4c6e3b0cb5de61adc616471a09f07356ccff6a50b5880ff13
contribution-wake: check: contributions offer 76131602d78771267dd9d092689ea5c7dff1e5926f1b92eeed4c2108cc3e70ca
{
  "url": "https://github.com/kunchenguid/quota-axi/pull/297",
  "error": null,
  "permission": "READ",
  "checks": [
    {
      "name": "PR must be raised via no-mistakes",
      "id": 109218690600,
      "status": "completed",
      "conclusion": "success",
      "started_at": "2026-09-29T01:48:42Z"
    },
    {
      "name": "Generated files must not be hand-edited",
      "id": 109218686992,
      "status": "completed",
      "conclusion": "success",
      "started_at": "2026-09-29T01:48:35Z"
    },
    {
      "name": "build-and-test",
      "id": 109218683487,
      "status": "completed",
      "conclusion": "success",
      "started_at": "2026-09-29T01:48:34Z"
    },
    {
      "name": "Greptile Review",
      "id": 109154883057,
      "status": "completed",
      "conclusion": "success",
      "started_at": "2026-09-28T21:59:21Z"
    }
  ],
  "closeout_notice": null,
  "metadata_retained": true
}
PASS: stale retained PR cannot close out replacement
$ /Users/jarad/.no-mistakes/worktrees/119cd7a6b9a4/01M46XS3FHE09Z71KNW1MME0W5/bin/fm-lab-home.sh create /Users/jarad/.no-mistakes/worktrees/119cd7a6b9a4/01M46XS3FHE09Z71KNW1MME0W5/.live-boundaries-hcr4dt0w/6
/Users/jarad/.no-mistakes/worktrees/119cd7a6b9a4/01M46XS3FHE09Z71KNW1MME0W5/.live-boundaries-hcr4dt0w/6
$ git init --quiet /Users/jarad/.no-mistakes/worktrees/119cd7a6b9a4/01M46XS3FHE09Z71KNW1MME0W5/.live-boundaries-hcr4dt0w/6/projects/local-checkout
(no output)
$ git -C /Users/jarad/.no-mistakes/worktrees/119cd7a6b9a4/01M46XS3FHE09Z71KNW1MME0W5/.live-boundaries-hcr4dt0w/6/projects/local-checkout -c user.name=Lab -c user.email=lab@example.invalid commit --allow-empty --quiet -m Disposable local state
(no output)
SCENARIO: failed authenticated forge read refuses closeout
$ /Users/jarad/.no-mistakes/worktrees/119cd7a6b9a4/01M46XS3FHE09Z71KNW1MME0W5/bin/fm-contributions.sh poll
contributions: observation unavailable for https://github.com/kunchenguid/quota-axi/pull/297
{
  "url": "https://github.com/kunchenguid/quota-axi/pull/297",
  "error": "forge observation unavailable or changed during read",
  "permission": null,
  "checks": null,
  "closeout_notice": null,
  "metadata_retained": true
}
$ /Users/jarad/.no-mistakes/worktrees/119cd7a6b9a4/01M46XS3FHE09Z71KNW1MME0W5/bin/fm-contributions.sh poll
(no output)
PASS: failed authenticated forge read refuses closeout
All disposable boundary homes and local repositories removed.
