2026-10-07T00:02:23.333+1000	info	otelconftelemetry/metrics.go:29	Internal metrics telemetry disabled	{"resource": {"service.instance.id": "0c5031d3-6ca0-4e19-bd4c-7c1c335718db", "service.name": "otelcol-contrib", "service.version": "0.162.0"}}
2026-10-07T00:02:23.333+1000	info	otelconftelemetry/tracer.go:47	Internal trace telemetry disabled	{"resource": {"service.instance.id": "0c5031d3-6ca0-4e19-bd4c-7c1c335718db", "service.name": "otelcol-contrib", "service.version": "0.162.0"}}
2026-10-07T00:02:23.333+1000	info	service@v0.162.0/service.go:233	Starting otelcol-contrib...	{"resource": {"service.instance.id": "0c5031d3-6ca0-4e19-bd4c-7c1c335718db", "service.name": "otelcol-contrib", "service.version": "0.162.0"}, "Version": "0.162.0", "NumCPU": 15}
2026-10-07T00:02:23.333+1000	info	extensions/extensions.go:43	Starting extensions...	{"resource": {"service.instance.id": "0c5031d3-6ca0-4e19-bd4c-7c1c335718db", "service.name": "otelcol-contrib", "service.version": "0.162.0"}}
2026-10-07T00:02:23.333+1000	info	extensions/extensions.go:47	Extension is starting...	{"resource": {"service.instance.id": "0c5031d3-6ca0-4e19-bd4c-7c1c335718db", "service.name": "otelcol-contrib", "service.version": "0.162.0"}, "otelcol.component.id": "bearertokenauth", "otelcol.component.kind": "extension"}
2026-10-07T00:02:23.333+1000	info	extensions/extensions.go:65	Extension started.	{"resource": {"service.instance.id": "0c5031d3-6ca0-4e19-bd4c-7c1c335718db", "service.name": "otelcol-contrib", "service.version": "0.162.0"}, "otelcol.component.id": "bearertokenauth", "otelcol.component.kind": "extension"}
2026-10-07T00:02:23.333+1000	info	otlpreceiver@v0.162.0/otlp.go:175	Starting HTTP server	{"resource": {"service.instance.id": "0c5031d3-6ca0-4e19-bd4c-7c1c335718db", "service.name": "otelcol-contrib", "service.version": "0.162.0"}, "otelcol.component.id": "otlp", "otelcol.component.kind": "receiver", "endpoint": "127.0.0.1:58180"}
2026-10-07T00:02:23.333+1000	info	service@v0.162.0/service.go:256	Everything is ready. Begin running and processing data.	{"resource": {"service.instance.id": "0c5031d3-6ca0-4e19-bd4c-7c1c335718db", "service.name": "otelcol-contrib", "service.version": "0.162.0"}}
2026-10-07T00:02:32.748+1000	error	internal/base_exporter.go:119	Exporting failed. Rejecting data. Try enabling retry_on_failure config option to retry on retryable errors. Try enabling sending_queue to survive temporary failures.	{"resource": {"service.instance.id": "0c5031d3-6ca0-4e19-bd4c-7c1c335718db", "service.name": "otelcol-contrib", "service.version": "0.162.0"}, "otelcol.component.id": "otlp_http", "otelcol.component.kind": "exporter", "otelcol.signal": "traces", "error": "failed to make an HTTP request: Post \"http://127.0.0.1:58177/v1/traces\": context canceled", "rejected_items": 1}
go.opentelemetry.io/collector/exporter/exporterhelper/internal.(*BaseExporter).Send
	go.opentelemetry.io/collector/exporter/exporterhelper@v0.162.0/internal/base_exporter.go:119
go.opentelemetry.io/collector/exporter/exporterhelper/internal.NewTracesRequest.newConsumeTraces.func1
	go.opentelemetry.io/collector/exporter/exporterhelper@v0.162.0/internal/new_request.go:123
go.opentelemetry.io/collector/consumer.ConsumeTracesFunc.ConsumeTraces
	go.opentelemetry.io/collector/consumer@v1.68.0/traces.go:27
go.opentelemetry.io/collector/service/internal/refconsumer.refTraces.ConsumeTraces
	go.opentelemetry.io/collector/service@v0.162.0/internal/refconsumer/traces.go:29
go.opentelemetry.io/collector/consumer.ConsumeTracesFunc.ConsumeTraces
	go.opentelemetry.io/collector/consumer@v1.68.0/traces.go:27
go.opentelemetry.io/collector/receiver/otlpreceiver/internal/trace.(*Receiver).Export
	go.opentelemetry.io/collector/receiver/otlpreceiver@v0.162.0/internal/trace/otlp.go:42
go.opentelemetry.io/collector/receiver/otlpreceiver.handleTraces
	go.opentelemetry.io/collector/receiver/otlpreceiver@v0.162.0/otlphttp.go:46
go.opentelemetry.io/collector/receiver/otlpreceiver.(*otlpReceiver).startHTTPServer.func1
	go.opentelemetry.io/collector/receiver/otlpreceiver@v0.162.0/otlp.go:141
net/http.HandlerFunc.ServeHTTP
	net/http/server.go:2286
net/http.(*ServeMux).ServeHTTP
	net/http/server.go:2828
go.opentelemetry.io/collector/config/confighttp.(*decompressor).ServeHTTP
	go.opentelemetry.io/collector/config/confighttp@v0.162.0/compression.go:287
go.opentelemetry.io/collector/config/confighttp.(*ServerConfig).ToServer.maxRequestBodySizeInterceptor.func3
	go.opentelemetry.io/collector/config/confighttp@v0.162.0/server.go:611
net/http.HandlerFunc.ServeHTTP
	net/http/server.go:2286
go.opentelemetry.io/collector/config/confighttp.(*ServerConfig).ToServer.authInterceptor.func4
	go.opentelemetry.io/collector/config/confighttp@v0.162.0/server.go:604
net/http.HandlerFunc.ServeHTTP
	net/http/server.go:2286
go.opentelemetry.io/contrib/instrumentation/net/http/otelhttp.(*middleware).serveHTTP
	go.opentelemetry.io/contrib/instrumentation/net/http/otelhttp@v0.71.0/handler.go:185
go.opentelemetry.io/contrib/instrumentation/net/http/otelhttp.NewMiddleware.func2.1
	go.opentelemetry.io/contrib/instrumentation/net/http/otelhttp@v0.71.0/handler.go:67
net/http.HandlerFunc.ServeHTTP
	net/http/server.go:2286
go.opentelemetry.io/collector/config/confighttp.(*clientInfoHandler).ServeHTTP
	go.opentelemetry.io/collector/config/confighttp@v0.162.0/clientinfohandler.go:26
net/http.serverHandler.ServeHTTP
	net/http/server.go:3311
net/http.(*conn).serve
	net/http/server.go:2067
2026-10-07T00:02:37.197+1000	info	otelcol@v0.162.0/collector.go:476	Received signal from OS	{"resource": {"service.instance.id": "0c5031d3-6ca0-4e19-bd4c-7c1c335718db", "service.name": "otelcol-contrib", "service.version": "0.162.0"}, "signal": "terminated"}
2026-10-07T00:02:37.197+1000	info	service@v0.162.0/service.go:294	Starting shutdown...	{"resource": {"service.instance.id": "0c5031d3-6ca0-4e19-bd4c-7c1c335718db", "service.name": "otelcol-contrib", "service.version": "0.162.0"}}
2026-10-07T00:02:37.197+1000	info	extensions/extensions.go:72	Stopping extensions...	{"resource": {"service.instance.id": "0c5031d3-6ca0-4e19-bd4c-7c1c335718db", "service.name": "otelcol-contrib", "service.version": "0.162.0"}}
2026-10-07T00:02:37.197+1000	info	service@v0.162.0/service.go:308	Shutdown complete.	{"resource": {"service.instance.id": "0c5031d3-6ca0-4e19-bd4c-7c1c335718db", "service.name": "otelcol-contrib", "service.version": "0.162.0"}}
