$ bash tests/fm-captain-hold-lifecycle.test.sh
ok - report-only unresolved captain call is reproduced and completion refuses before loss
ok - both body-decoding paths work without the allow_nonref default
ok - cleanup preserves every byte of a retained body's non-ASCII characters
ok - the completion gate attests captain-held inventory and transfers open status decisions
ok - answer records the captain's words, closes idempotently, and releases routed work
ok - release frees held work with the captain's words recorded and the body preserved
ok - captain holds become visible only after their hold-set timestamp is durable
ok - an interrupted answer preserves its hold age until close retry
ok - a deferred captain call leaves the live Captain's Call until its date and stays answerable
ok - an out-of-band close is recordable with the captain's word and nothing else
ok - ended visual review follows the same captain-hold completion owner
ok - resolved findings and decision-like prose do not create captain-held tasks
ok - terminal single-owner stale status decisions do not block empty inventory
ok - main-home and secondmate-home captain calls remain correctly routed
ok - a secondmate home publishes each hold occurrence and its answer on the parent channel
ok - secondmate resolutions publish before retiring durable retry triggers
ok - a bound channel's captured answers close their captain-held tasks at answer time
ok - only a bound captured source creates reconcile requests
ok - normal answers and their replays retire reconcile requests
ok - reconcile closes a moot call with evidence and keeps an active one open with a note
ok - reconcile outcomes apply durable mutations once across partial failures
ok - a channel source with no decision binding closes nothing
ok - legacy identities, metadata, bindings, and the shim keep working
ok - a board answer reaches the keyed-answer intake and wakes firstmate
ok - the chat channel feeds the same keyed-answer intake a captured review does
ok - completion and verification validate origins before constructing paths
ok - a status resolution over a still-open captain-held task is signalled, not closed
ok - a captain call with no routed work, a verified transfer, an open decision, and an answered call all stay silent
ok - cleanup leaves a captain-held work item open with its deliverable, and only an answer closes it
ok - release and scout report retention distinguish deliveries from rejected merge answers
ok - an interrupted cleanup keeps the captain call recoverable and session start retains it
ok - an answer before cleanup replay preserves the retained report
ok - an unusable pending-close record names its reason instead of a bare refusal
ok - an unsupported relocated report does not wedge the captain's answer
ok - cleanup retains captain calls in the configured backlog
ok - merge approval releases before zero-retention cleanup records completion
ok - the PR merge entrypoint refuses a captain-held task before merging
ok - the local merge entrypoint refuses a captain-held task before merging
ok - the PR merge entrypoint separates an unreadable authority record from an absent one
ok - the local merge entrypoint separates an unreadable authority record from an absent one
ok - merge entrypoints reject unsafe identities and absent state before locking
ok - merge entrypoints refuse a replacement incarnation after waiting for cleanup
ok - merge entrypoints own task state before forced cleanup can retire it
ok - a released merge passes the guarded entrypoint and remains recently landed
ok - cleanup refuses a ship row when its captain hold cannot be read
ok - skipped on markdown-only tasks-axi: verify against a beads-migrated hold
ok - skipped on markdown-only tasks-axi: verify against a prefix-migrated hold
ok - skipped on markdown-only tasks-axi: prefer a marker-noted row over a prefix namesake
ok - skipped on markdown-only tasks-axi: complete against a beads-migrated hold
ok - skipped on markdown-only tasks-axi: verify an unresolvable beads legacy id
ok - skipped on markdown-only tasks-axi: verify a derived pre-collapse key
ok - captain-hold mutations address the beads backend without a markdown override
ok - skipped on markdown-only tasks-axi: captain-hold create under due.required without types.custom
rc=0
$ bash tests/fm-pr-check-security.test.sh
ok - raw-byte parser accepts canonical URLs and rejects the complete adversarial matrix
ok - GitLab merge requests are followed on any instance and never wake falsely
ok - the Gerrit watch wakes only on an explicit merged status and never on submittability
ok - Gerrit arming records no patch set revision and the merge path refuses to submit
ok - Gerrit arming accepts a published HEAD only by the change's current patch set tree
ok - published attestation accepts its current head, refuses a stale head, and leaves absent attestations unchanged
ok - a no-mistakes Gerrit ready report requires the pipeline's fixes recovered into the published copy
ok - validated merged polls notify once and retire before the next watcher cycle
ok - a repeat identical merged poll for an already-notified task is absorbed, never queued as a main-blocking row
ok - a failed upward merge report keeps its poll armed for repair and retry
ok - staged self-merge and poll interleavings are never silent
ok - queued merges retain their away authority after captain return
ok - poll distinguishes attended authorization from external landing
ok - accepted merge authority refuses rebound task metadata
ok - accepted merge authority persists under the lifecycle lock
ok - teardown cannot race merged-poll authority consumption
ok - poll retirement preserves a replacement authority record
ok - a merge detected by the poll is reported upward from a secondmate home exactly once
ok - a different merged PR for the same task gets its own first notification
ok - merged poll retirement preserves every persistent secondmate lifecycle artifact
ok - queue, receipt, and every fixed-path removal crash point recover without loss or repeated execution
ok - open/red, closed-unmerged, malformed, and forge errors remain armed until an exact merged transition
ok - replacement, nonterminal, tampered, and custom results receive no deletion authority
ok - queue failure and untrusted receipts preserve canonical poll evidence
ok - GitHub and GitLab exact merged results share one retirement path
ok - PR and teardown entrypoints reject invalid arguments before every side effect
ok - arming refuses a draft pull request, naming it, and arms a ready or unreadable one
ok - fm-pr-check refuses to register a PR whose named head is only in the worker copy
ok - fm-pr-check refuses a direct-PR registration while a later commit is only in the copy
ok - fm-pr-check refuses a published pipeline scratch path
ok - fm-pr-check refuses a published GitLab scratch path
ok - valid direct and merge flows record exact metadata and reject multiline head metadata
ok - rejected metacharacter bytes remain inert at generation and watcher time
ok - static poll is silent except for one merged line and remains watcher-bounded
ok - interrupted atomic preparation cleans private temporaries and publishes nothing
ok - concurrent watchers observe only complete private poll publications
ok - poll publication paths refuse symlinks and directories
ok - live poll and custom-check artifacts require private single-link files
