FM_TEST_BEGIN 2026-10-07T16:05:59Z tests/fm-remote-reply.test.sh family=secondmate expected_gate_skip=none
ok - default delta reader waits 0.5 seconds then delivers a non-destructive complete-line delta
ok - override delta reader waits 0.07 seconds then delivers a non-destructive complete-line delta
ok - a blocking non-destructive remote delta reaches durable process-event capture
ok - a captured delta is applied, acknowledged, and re-armed without a handler
ok - ingest appends one validated line, fetches its document, and advances the cursor
ok - replayed capture has one deduplicated append and one durable handling identity
ok - later generations cannot invalidate an unacknowledged ingested result
ok - the remote status and decision model mirrors and the cursor advances
ok - a remote mate's new decision folds open exactly as a local mate's does
ok - a replayed mirrored delta is idempotent in both the stream and the cursor
ok - transported control bytes are normalized in place and never stop the stream
ok - payload protocol-field names cannot collide with transport metadata
ok - NUL bytes are normalized in place before shell line processing
ok - local document storage failures remain retryable until delivery succeeds
ok - a structured pointer must end at its token boundary
ok - adjacent pointers are fetched while malformed tokens remain unchanged
ok - a rejected candidate never gives the following text a false leading boundary
ok - nested remote reports relay while an undeliverable foreign pointer fails open
ok - the reported incident raises no standing decision and still delivers the report
ok - an undeliverable structured offer fails open with one note and never a decision
ok - a remote refusal surfaces its own reason without opening a decision
ok - a failed pointer extraction never commits a partial delta
ok - a failed mirror write never drops status content or advances the cursor
ok - source-line identity survives commit failure and cursor-loss recapture
ok - a mirrored reserved-key line cannot squat or clear the parent's own decision
ok - a reply that arrives after escalation resolves it and clears the open decision
ok - a remote reply listener stays owned across empty waits and a delta
ok - a failed remote read exits instead of relistening
ok - persistent ingestion failure leaves exactly one durable capture
ok - a preempted reply poll reports a closed window without publishing channel freshness
ok - a preempted reply poll keeps its listener and reconcile launches nothing
ok - a quiet reply window publishes the caught-up watermark the reply guard reads
not ok - tests/fm-remote-reply.test.sh exceeded the per-script bound of 300s and was terminated
FM_TEST_END 2026-10-07T16:11:00Z tests/fm-remote-reply.test.sh exit=124 duration_ms=300518 gate_skip=false
FM_TEST_SUMMARY total=1 failed=1 skipped_gate=0 duration_ms=300594
FM_TEST_SUMMARY_FAMILY family=secondmate count=1 duration_ms=300518 failed=1
FM_TEST_SLOWEST rank=1 script=tests/fm-remote-reply.test.sh duration_ms=300518
fm-test-run: wrote timing artifact: /Users/jarad/.no-mistakes/evidence/01M4BG2CQG285W4NVDKS9TDVH8/reply-retry.json
